MO hexToSevenSeg NULL bcdToSevenSeg.v vlg5C/hex_to_seven_seg.bin 1367624558
MO Complete_MIPS NULL MIPS.v vlg71/_complete___m_i_p_s.bin 1367624558
MO simpleDivider NULL clockDivider.v vlg15/simple_divider.bin 1367276633
MO seven_seg_converter NULL seven_seg_converter.v vlg42/seven__seg__converter.bin 1367624558
MO niceDivider NULL niceDivider.v vlg5A/nice_divider.bin 1367624558
MO Memory NULL Memory.v vlg49/_memory.bin 1367624558
MO REG NULL REG.v vlg22/_r_e_g.bin 1367624558
MO MIPS_CPU NULL MIPS_CPU.v vlg20/_m_i_p_s___c_p_u.bin 1367624558
MO Debouncer NULL Debouncer.v vlg63/_debouncer.bin 1367624558
